// Jest Snapshot v1, https://goo.gl/fbAQLP

exports[`PageNotFound should render correctly 1`] = `
<div>
  <div
    class="page"
    style="height: 90vh; text-align: center;"
  >
    <header
      class="header"
    >
      <div
        class="container"
      >
        <div
          class="header__wrapper"
        >
          <div
            class="header__left"
          >
            <a
              class="header__logo-link"
              href="/"
            >
              <img
                alt="6 cities logo"
                class="header__logo"
                height="41"
                src="img/logo.svg"
                width="81"
              />
            </a>
          </div>
          <nav
            class="header__nav"
          >
            <ul
              class="header__nav-list"
            >
              <li
                class="header__nav-item user"
              >
                <a
                  class="header__nav-link header__nav-link--profile"
                  href="/favorites"
                >
                  <div
                    class="header__avatar-wrapper user__avatar-wrapper"
                  />
                  <span
                    class="header__user-name user__name"
                  >
                    123@mail.ru
                  </span>
                </a>
              </li>
              <li
                class="header__nav-item user"
              >
                <button
                  class="button"
                  style="margin-left: 30px;"
                >
                  <svg
                    fill="none"
                    height="22"
                    stroke="#777"
                    stroke-linecap="round"
                    stroke-linejoin="round"
                    stroke-width="2"
                    viewBox="0 0 24 24"
                    width="22"
                    xmlns="http://www.w3.org/2000/svg"
                  >
                    <path
                      d="M9 21H5a2 2 0 0 1-2-2V5a2 2 0 0 1 2-2h4"
                    />
                    <polyline
                      points="16 17 21 12 16 7"
                    />
                    <line
                      x1="21"
                      x2="9"
                      y1="12"
                      y2="12"
                    />
                  </svg>
                </button>
              </li>
            </ul>
          </nav>
        </div>
      </div>
    </header>
    <h1>
      404.
      <br />
      <small>
        Page not found
      </small>
    </h1>
    <a
      href="/"
      style="text-decoration: underline;"
    >
      Go to main page
    </a>
  </div>
</div>
`;
