// Jest Snapshot v1, https://goo.gl/fbAQLP

exports[`FavoritesList should render correctly 1`] = `
<div>
  <ul
    class="favorites__list"
  >
    <li
      class="favorites__locations-items"
    >
      <div
        class="favorites__locations locations locations--current"
      >
        <div
          class="locations__item"
        >
          <a
            class="locations__item-link"
            href="#"
          >
            <span>
              Paris
            </span>
          </a>
        </div>
      </div>
      <div
        class="favorites__places"
      >
        <article
          class="place-card favorites__card"
        >
          <div
            class="place-card__mark"
          >
            <span>
              Premium
            </span>
          </div>
          <div
            class="place-card__image-wrapper favorites__image-wrapper"
          >
            <a
              href="/offer/1"
            >
              <img
                alt="Place image"
                class="place-card__image"
                height="110"
                src="https://assets.htmlacademy.ru/intensives/javascript-3/hotel/6.jpg"
                width="150"
              />
            </a>
          </div>
          <div
            class="place-card__info favorites__card-info"
          >
            <div
              class="place-card__price-wrapper"
            >
              <div
                class="place-card__price"
              >
                <b
                  class="place-card__price-value"
                >
                  €
                  340
                </b>
                <span
                  class="place-card__price-text"
                >
                   / night
                </span>
              </div>
              <button
                class="place-card__bookmark-button button false"
                type="button"
              >
                <svg
                  class="place-card__bookmark-icon"
                  height="19"
                  width="18"
                >
                  <use
                    xlink:href="#icon-bookmark"
                  />
                </svg>
                <span
                  class="visually-hidden"
                >
                  To bookmarks
                </span>
              </button>
            </div>
            <div
              class="place-card__rating rating"
            >
              <div
                class="place-card__stars rating__stars"
              >
                <span
                  style="width: 80%;"
                />
                <span
                  class="visually-hidden"
                >
                  Rating
                </span>
              </div>
            </div>
            <h2
              class="place-card__name"
            >
              <a
                href="/offer/1"
              >
                Canal View Prinsengracht
              </a>
            </h2>
            <p
              class="place-card__type"
            >
              Apartment
            </p>
          </div>
        </article>
        <article
          class="place-card favorites__card"
        >
          <div
            class="place-card__image-wrapper favorites__image-wrapper"
          >
            <a
              href="/offer/13"
            >
              <img
                alt="Place image"
                class="place-card__image"
                height="110"
                src="https://assets.htmlacademy.ru/intensives/javascript-3/hotel/18.jpg"
                width="150"
              />
            </a>
          </div>
          <div
            class="place-card__info favorites__card-info"
          >
            <div
              class="place-card__price-wrapper"
            >
              <div
                class="place-card__price"
              >
                <b
                  class="place-card__price-value"
                >
                  €
                  346
                </b>
                <span
                  class="place-card__price-text"
                >
                   / night
                </span>
              </div>
              <button
                class="place-card__bookmark-button button place-card__bookmark-button--active"
                type="button"
              >
                <svg
                  class="place-card__bookmark-icon"
                  height="19"
                  width="18"
                >
                  <use
                    xlink:href="#icon-bookmark"
                  />
                </svg>
                <span
                  class="visually-hidden"
                >
                  In bookmarks
                </span>
              </button>
            </div>
            <div
              class="place-card__rating rating"
            >
              <div
                class="place-card__stars rating__stars"
              >
                <span
                  style="width: 40%;"
                />
                <span
                  class="visually-hidden"
                >
                  Rating
                </span>
              </div>
            </div>
            <h2
              class="place-card__name"
            >
              <a
                href="/offer/13"
              >
                The Joshua Tree House
              </a>
            </h2>
            <p
              class="place-card__type"
            >
              Hotel
            </p>
          </div>
        </article>
        <article
          class="place-card favorites__card"
        >
          <div
            class="place-card__mark"
          >
            <span>
              Premium
            </span>
          </div>
          <div
            class="place-card__image-wrapper favorites__image-wrapper"
          >
            <a
              href="/offer/23"
            >
              <img
                alt="Place image"
                class="place-card__image"
                height="110"
                src="https://assets.htmlacademy.ru/intensives/javascript-3/hotel/5.jpg"
                width="150"
              />
            </a>
          </div>
          <div
            class="place-card__info favorites__card-info"
          >
            <div
              class="place-card__price-wrapper"
            >
              <div
                class="place-card__price"
              >
                <b
                  class="place-card__price-value"
                >
                  €
                  558
                </b>
                <span
                  class="place-card__price-text"
                >
                   / night
                </span>
              </div>
              <button
                class="place-card__bookmark-button button false"
                type="button"
              >
                <svg
                  class="place-card__bookmark-icon"
                  height="19"
                  width="18"
                >
                  <use
                    xlink:href="#icon-bookmark"
                  />
                </svg>
                <span
                  class="visually-hidden"
                >
                  To bookmarks
                </span>
              </button>
            </div>
            <div
              class="place-card__rating rating"
            >
              <div
                class="place-card__stars rating__stars"
              >
                <span
                  style="width: 60%;"
                />
                <span
                  class="visually-hidden"
                >
                  Rating
                </span>
              </div>
            </div>
            <h2
              class="place-card__name"
            >
              <a
                href="/offer/23"
              >
                Loft Studio in the Central Area
              </a>
            </h2>
            <p
              class="place-card__type"
            >
              House
            </p>
          </div>
        </article>
        <article
          class="place-card favorites__card"
        >
          <div
            class="place-card__image-wrapper favorites__image-wrapper"
          >
            <a
              href="/offer/76"
            >
              <img
                alt="Place image"
                class="place-card__image"
                height="110"
                src="https://assets.htmlacademy.ru/intensives/javascript-3/hotel/12.jpg"
                width="150"
              />
            </a>
          </div>
          <div
            class="place-card__info favorites__card-info"
          >
            <div
              class="place-card__price-wrapper"
            >
              <div
                class="place-card__price"
              >
                <b
                  class="place-card__price-value"
                >
                  €
                  259
                </b>
                <span
                  class="place-card__price-text"
                >
                   / night
                </span>
              </div>
              <button
                class="place-card__bookmark-button button place-card__bookmark-button--active"
                type="button"
              >
                <svg
                  class="place-card__bookmark-icon"
                  height="19"
                  width="18"
                >
                  <use
                    xlink:href="#icon-bookmark"
                  />
                </svg>
                <span
                  class="visually-hidden"
                >
                  In bookmarks
                </span>
              </button>
            </div>
            <div
              class="place-card__rating rating"
            >
              <div
                class="place-card__stars rating__stars"
              >
                <span
                  style="width: 60%;"
                />
                <span
                  class="visually-hidden"
                >
                  Rating
                </span>
              </div>
            </div>
            <h2
              class="place-card__name"
            >
              <a
                href="/offer/76"
              >
                Penthouse, 4-5 rooms + 5 balconies
              </a>
            </h2>
            <p
              class="place-card__type"
            >
              Room
            </p>
          </div>
        </article>
      </div>
    </li>
    <li
      class="favorites__locations-items"
    >
      <div
        class="favorites__locations locations locations--current"
      >
        <div
          class="locations__item"
        >
          <a
            class="locations__item-link"
            href="#"
          >
            <span>
              Cologne
            </span>
          </a>
        </div>
      </div>
      <div
        class="favorites__places"
      >
        <article
          class="place-card favorites__card"
        >
          <div
            class="place-card__image-wrapper favorites__image-wrapper"
          >
            <a
              href="/offer/2"
            >
              <img
                alt="Place image"
                class="place-card__image"
                height="110"
                src="https://assets.htmlacademy.ru/intensives/javascript-3/hotel/19.jpg"
                width="150"
              />
            </a>
          </div>
          <div
            class="place-card__info favorites__card-info"
          >
            <div
              class="place-card__price-wrapper"
            >
              <div
                class="place-card__price"
              >
                <b
                  class="place-card__price-value"
                >
                  €
                  196
                </b>
                <span
                  class="place-card__price-text"
                >
                   / night
                </span>
              </div>
              <button
                class="place-card__bookmark-button button place-card__bookmark-button--active"
                type="button"
              >
                <svg
                  class="place-card__bookmark-icon"
                  height="19"
                  width="18"
                >
                  <use
                    xlink:href="#icon-bookmark"
                  />
                </svg>
                <span
                  class="visually-hidden"
                >
                  In bookmarks
                </span>
              </button>
            </div>
            <div
              class="place-card__rating rating"
            >
              <div
                class="place-card__stars rating__stars"
              >
                <span
                  style="width: 40%;"
                />
                <span
                  class="visually-hidden"
                >
                  Rating
                </span>
              </div>
            </div>
            <h2
              class="place-card__name"
            >
              <a
                href="/offer/2"
              >
                Nice, cozy, warm big bed apartment
              </a>
            </h2>
            <p
              class="place-card__type"
            >
              Room
            </p>
          </div>
        </article>
      </div>
    </li>
    <li
      class="favorites__locations-items"
    >
      <div
        class="favorites__locations locations locations--current"
      >
        <div
          class="locations__item"
        >
          <a
            class="locations__item-link"
            href="#"
          >
            <span>
              Amsterdam
            </span>
          </a>
        </div>
      </div>
      <div
        class="favorites__places"
      >
        <article
          class="place-card favorites__card"
        >
          <div
            class="place-card__image-wrapper favorites__image-wrapper"
          >
            <a
              href="/offer/3"
            >
              <img
                alt="Place image"
                class="place-card__image"
                height="110"
                src="https://assets.htmlacademy.ru/intensives/javascript-3/hotel/7.jpg"
                width="150"
              />
            </a>
          </div>
          <div
            class="place-card__info favorites__card-info"
          >
            <div
              class="place-card__price-wrapper"
            >
              <div
                class="place-card__price"
              >
                <b
                  class="place-card__price-value"
                >
                  €
                  145
                </b>
                <span
                  class="place-card__price-text"
                >
                   / night
                </span>
              </div>
              <button
                class="place-card__bookmark-button button false"
                type="button"
              >
                <svg
                  class="place-card__bookmark-icon"
                  height="19"
                  width="18"
                >
                  <use
                    xlink:href="#icon-bookmark"
                  />
                </svg>
                <span
                  class="visually-hidden"
                >
                  To bookmarks
                </span>
              </button>
            </div>
            <div
              class="place-card__rating rating"
            >
              <div
                class="place-card__stars rating__stars"
              >
                <span
                  style="width: 40%;"
                />
                <span
                  class="visually-hidden"
                >
                  Rating
                </span>
              </div>
            </div>
            <h2
              class="place-card__name"
            >
              <a
                href="/offer/3"
              >
                Amazing and Extremely Central Flat
              </a>
            </h2>
            <p
              class="place-card__type"
            >
              Room
            </p>
          </div>
        </article>
      </div>
    </li>
    <li
      class="favorites__locations-items"
    >
      <div
        class="favorites__locations locations locations--current"
      >
        <div
          class="locations__item"
        >
          <a
            class="locations__item-link"
            href="#"
          >
            <span>
              Brussels
            </span>
          </a>
        </div>
      </div>
      <div
        class="favorites__places"
      >
        <article
          class="place-card favorites__card"
        >
          <div
            class="place-card__image-wrapper favorites__image-wrapper"
          >
            <a
              href="/offer/4"
            >
              <img
                alt="Place image"
                class="place-card__image"
                height="110"
                src="https://assets.htmlacademy.ru/intensives/javascript-3/hotel/15.jpg"
                width="150"
              />
            </a>
          </div>
          <div
            class="place-card__info favorites__card-info"
          >
            <div
              class="place-card__price-wrapper"
            >
              <div
                class="place-card__price"
              >
                <b
                  class="place-card__price-value"
                >
                  €
                  209
                </b>
                <span
                  class="place-card__price-text"
                >
                   / night
                </span>
              </div>
              <button
                class="place-card__bookmark-button button false"
                type="button"
              >
                <svg
                  class="place-card__bookmark-icon"
                  height="19"
                  width="18"
                >
                  <use
                    xlink:href="#icon-bookmark"
                  />
                </svg>
                <span
                  class="visually-hidden"
                >
                  To bookmarks
                </span>
              </button>
            </div>
            <div
              class="place-card__rating rating"
            >
              <div
                class="place-card__stars rating__stars"
              >
                <span
                  style="width: 80%;"
                />
                <span
                  class="visually-hidden"
                >
                  Rating
                </span>
              </div>
            </div>
            <h2
              class="place-card__name"
            >
              <a
                href="/offer/4"
              >
                Loft Studio in the Central Area
              </a>
            </h2>
            <p
              class="place-card__type"
            >
              Apartment
            </p>
          </div>
        </article>
      </div>
    </li>
  </ul>
</div>
`;
