// Jest Snapshot v1, https://goo.gl/fbAQLP

exports[`Review should render correctly 1`] = `
<div>
  <li
    class="reviews__item"
  >
    <div
      class="reviews__user user"
    >
      <div
        class="reviews__avatar-wrapper user__avatar-wrapper"
      >
        <img
          alt="Reviews avatar"
          class="reviews__avatar user__avatar"
          height="54"
          src="https://assets.htmlacademy.ru/intensives/javascript-3/avatar/9.jpg"
          width="54"
        />
      </div>
      <span
        class="reviews__user-name"
      >
        Sophie
      </span>
    </div>
    <div
      class="reviews__info"
    >
      <div
        class="reviews__rating rating"
      >
        <div
          class="reviews__stars rating__stars"
        >
          <span
            style="width: 100%;"
          />
          <span
            class="visually-hidden"
          >
            Rating
          </span>
        </div>
      </div>
      <p
        class="reviews__text"
      >
        The deluxe room was a quite comfortable one with all the adequate facilities. The only thing that made me feel uncomfortable was the rude behavior of an impolite staff at the reception desk.
      </p>
      <time
        class="reviews__time"
        datetime="2/23/2021, 11:04:28 AM"
      >
        February 2021
      </time>
    </div>
  </li>
</div>
`;
